[raistheme.com/html/edustdy/edustdy/index.html]
[backblue.gif]
[fade.gif]
[index.html]
[raistheme.com/html/edustdy/edustdy/assets/images/favicon.png]
[raistheme.com/html/edustdy/edustdy/assets/images/call.png]
[raistheme.com/html/edustdy/edustdy/assets/images/mail.png]
[raistheme.com/html/edustdy/edustdy/assets/images/logo.png]
[raistheme.com/html/edustdy/edustdy/index-2.html]
[raistheme.com/html/edustdy/edustdy/index-3.html]
[raistheme.com/html/edustdy/edustdy/index-4.html]
[raistheme.com/html/edustdy/edustdy/about.html]
[raistheme.com/html/edustdy/edustdy/courses.html]
[raistheme.com/html/edustdy/edustdy/courses-details.html]
[raistheme.com/html/edustdy/edustdy/blog.html]
[raistheme.com/html/edustdy/edustdy/blog-details.html]
[raistheme.com/html/edustdy/edustdy/contact.html]
[raistheme.com/html/edustdy/edustdy/assets/images/search.png]
[raistheme.com/html/edustdy/edustdy/assets/images/cart.png]
[raistheme.com/html/edustdy/edustdy/assets/images/slider-1.jpg]
[raistheme.com/html/edustdy/edustdy/assets/images/slider-3.jpg]
[raistheme.com/html/edustdy/edustdy/assets/images/f-icon-1.png]
[raistheme.com/html/edustdy/edustdy/assets/images/f-icon-2.png]
[raistheme.com/html/edustdy/edustdy/assets/images/f-icon-3.png]
[raistheme.com/html/edustdy/edustdy/assets/images/shape/shape-1.png]
[raistheme.com/html/edustdy/edustdy/assets/images/shape/shape-2.png]
[raistheme.com/html/edustdy/edustdy/assets/images/shape/shape-3.png]
[raistheme.com/html/edustdy/edustdy/assets/images/shape/shape-4.png]
[raistheme.com/html/edustdy/edustdy/assets/images/about-1.jpg]
[raistheme.com/html/edustdy/edustdy/assets/images/about-2.jpg]
[raistheme.com/html/edustdy/edustdy/assets/images/about-3.jpg]
[raistheme.com/html/edustdy/edustdy/assets/images/count_icon-1.png]
[raistheme.com/html/edustdy/edustdy/assets/images/count_icon-2.png]
[raistheme.com/html/edustdy/edustdy/assets/images/count_icon-3.png]
[raistheme.com/html/edustdy/edustdy/assets/images/count_icon-4.png]
[raistheme.com/html/edustdy/edustdy/assets/images/about_bg.jpg]
[raistheme.com/html/edustdy/edustdy/assets/images/about-4.jpg]
[raistheme.com/html/edustdy/edustdy/assets/images/about-5.jpg]
[raistheme.com/html/edustdy/edustdy/assets/images/p-icon-1.png]
[raistheme.com/html/edustdy/edustdy/assets/images/p-icon-2.png]
[raistheme.com/html/edustdy/edustdy/assets/images/p-icon-3.png]
[raistheme.com/html/edustdy/edustdy/assets/images/p-icon-4.png]
[raistheme.com/html/edustdy/edustdy/assets/images/p-icon-5.png]
[raistheme.com/html/edustdy/edustdy/assets/images/p-icon-6.png]
[raistheme.com/html/edustdy/edustdy/assets/images/choose_icon-1.png]
[raistheme.com/html/edustdy/edustdy/assets/images/choose_icon-2.png]
[raistheme.com/html/edustdy/edustdy/assets/images/choose_icon-3.png]
[raistheme.com/html/edustdy/edustdy/assets/images/choose_icon-4.png]
[raistheme.com/html/edustdy/edustdy/assets/images/choose_bg.png]
[raistheme.com/html/edustdy/edustdy/assets/images/shape/shape-5.png]
[raistheme.com/html/edustdy/edustdy/assets/images/courses-1.jpg]
[raistheme.com/html/edustdy/edustdy/assets/images/author-1.jpg]
[raistheme.com/html/edustdy/edustdy/assets/images/courses-2.jpg]
[raistheme.com/html/edustdy/edustdy/assets/images/author-2.jpg]
[raistheme.com/html/edustdy/edustdy/assets/images/courses-3.jpg]
[raistheme.com/html/edustdy/edustdy/assets/images/author-3.jpg]
[raistheme.com/html/edustdy/edustdy/assets/images/testimonial_bg.jpg]
[raistheme.com/html/edustdy/edustdy/assets/images/quota.png]
[raistheme.com/html/edustdy/edustdy/assets/images/left.png]
[raistheme.com/html/edustdy/edustdy/assets/images/team-1.jpg]
[raistheme.com/html/edustdy/edustdy/assets/images/right.png]
[raistheme.com/html/edustdy/edustdy/assets/images/team-3.jpg]
[raistheme.com/html/edustdy/edustdy/assets/images/team-2.jpg]
[raistheme.com/html/edustdy/edustdy/assets/images/team-4.jpg]
[raistheme.com/html/edustdy/edustdy/assets/images/event-1.jpg]
[raistheme.com/html/edustdy/edustdy/assets/images/event-3.jpg]
[raistheme.com/html/edustdy/edustdy/assets/images/blog-1.jpg]
[raistheme.com/html/edustdy/edustdy/assets/images/blog-2.jpg]
[raistheme.com/html/edustdy/edustdy/assets/images/blog-3.jpg]
[raistheme.com/html/edustdy/edustdy/assets/images/footer_bg.jpg]
[raistheme.com/html/edustdy/edustdy/assets/js/vendor/modernizr-3.6.0.min.js]
[raistheme.com/html/edustdy/edustdy/assets/js/vendor/jquery-1.12.4.min.js]
[raistheme.com/html/edustdy/edustdy/assets/js/bootstrap.min.js]
[raistheme.com/html/edustdy/edustdy/assets/js/popper.min.js]
[raistheme.com/html/edustdy/edustdy/assets/js/slick.min.js]
[raistheme.com/html/edustdy/edustdy/assets/js/jquery.magnific-popup.min.js]
[raistheme.com/html/edustdy/edustdy/assets/js/waypoints.min.js]
[raistheme.com/html/edustdy/edustdy/assets/js/jquery.counterup.min.js]
[raistheme.com/html/edustdy/edustdy/assets/js/jquery.nice-select.min.js]
[raistheme.com/html/edustdy/edustdy/assets/js/jquery.countdown.min.js]
[raistheme.com/html/edustdy/edustdy/assets/js/jquery.appear.min.js]
[raistheme.com/html/edustdy/edustdy/assets/js/main.js]
[raistheme.com/html/edustdy/edustdy/index.html]
[raistheme.com/html/edustdy/edustdy/assets/css/bootstrap.min.css]
[raistheme.com/html/edustdy/edustdy/assets/css/animate.css]
[raistheme.com/html/edustdy/edustdy/assets/fonts/fontawesome-webfont3e6e.eot]
[raistheme.com/html/edustdy/edustdy/assets/fonts/fontawesome-webfontd41d.eot]
[raistheme.com/html/edustdy/edustdy/assets/fonts/fontawesome-webfont3e6e.woff2]
[raistheme.com/html/edustdy/edustdy/assets/fonts/fontawesome-webfont3e6e.woff]
[raistheme.com/html/edustdy/edustdy/assets/fonts/fontawesome-webfont3e6e.ttf]
[raistheme.com/html/edustdy/edustdy/assets/css/font-awesome.min.css]
[raistheme.com/html/edustdy/edustdy/assets/css/magnific-popup.css]
[raistheme.com/html/edustdy/edustdy/assets/css/nice-select.css]
[raistheme.com/html/edustdy/edustdy/assets/css/slick.css]
[raistheme.com/html/edustdy/edustdy/assets/css/default.css]
[raistheme.com/html/edustdy/edustdy/assets/images/features-1.png]
[raistheme.com/html/edustdy/edustdy/assets/images/features-2.png]
[raistheme.com/html/edustdy/edustdy/assets/images/features-3.png]
[raistheme.com/html/edustdy/edustdy/assets/images/shape/bg_shape.jpg]
[raistheme.com/html/edustdy/edustdy/assets/images/author-4.jpg]
[raistheme.com/html/edustdy/edustdy/assets/images/author-5.jpg]
[raistheme.com/html/edustdy/edustdy/assets/images/author-6.jpg]
[raistheme.com/html/edustdy/edustdy/assets/images/dots.png]
[raistheme.com/html/edustdy/edustdy/assets/images/countdown_bg.png]
[raistheme.com/html/edustdy/edustdy/assets/css/style.css]
[raistheme.com/html/edustdy/edustdy/assets/css/responsive.css]
[raistheme.com/html/edustdy/edustdy/assets/images/slider-2.jpg]
[raistheme.com/html/edustdy/edustdy/assets/images/call-2.png]
[raistheme.com/html/edustdy/edustdy/assets/images/call-3.png]
[raistheme.com/html/edustdy/edustdy/assets/images/clock.png]
[raistheme.com/html/edustdy/edustdy/assets/images/location.png]
[raistheme.com/html/edustdy/edustdy/assets/images/f-icon-4.png]
[raistheme.com/html/edustdy/edustdy/assets/images/f-icon-5.png]
[raistheme.com/html/edustdy/edustdy/assets/images/f-icon-6.png]
[raistheme.com/html/edustdy/edustdy/assets/images/f-icon-7.png]
[raistheme.com/html/edustdy/edustdy/assets/images/courses2-1.jpg]
[raistheme.com/html/edustdy/edustdy/assets/images/courses2-2.jpg]
[raistheme.com/html/edustdy/edustdy/assets/images/courses2-3.jpg]
[raistheme.com/html/edustdy/edustdy/assets/images/courses2-4.jpg]
[raistheme.com/html/edustdy/edustdy/assets/images/testimonial-1.jpg]
[raistheme.com/html/edustdy/edustdy/assets/images/quota-2.png]
[raistheme.com/html/edustdy/edustdy/assets/images/about-6.jpg]
[raistheme.com/html/edustdy/edustdy/assets/images/event-2.jpg]
[raistheme.com/html/edustdy/edustdy/assets/images/pricing_bg.jpg]
[raistheme.com/html/edustdy/edustdy/index-2.html]
[raistheme.com/html/edustdy/edustdy/assets/images/mail-2.png]
[raistheme.com/html/edustdy/edustdy/assets/images/logo-2.png]
[raistheme.com/html/edustdy/edustdy/assets/images/cart-2.png]
[raistheme.com/html/edustdy/edustdy/assets/images/search-2.png]
[raistheme.com/html/edustdy/edustdy/assets/images/slider-4.jpg]
[raistheme.com/html/edustdy/edustdy/assets/images/category-1.jpg]
[raistheme.com/html/edustdy/edustdy/assets/images/category-2.jpg]
[raistheme.com/html/edustdy/edustdy/assets/images/category-3.jpg]
[raistheme.com/html/edustdy/edustdy/assets/images/category-4.jpg]
[raistheme.com/html/edustdy/edustdy/assets/images/category-5.jpg]
[raistheme.com/html/edustdy/edustdy/assets/images/category-6.jpg]
[raistheme.com/html/edustdy/edustdy/assets/images/register_bg.jpg]
[raistheme.com/html/edustdy/edustdy/assets/images/testimonial-author-1.jpg]
[raistheme.com/html/edustdy/edustdy/assets/images/testimonial-author-2.jpg]
[raistheme.com/html/edustdy/edustdy/assets/images/testimonial-author-3.jpg]
[raistheme.com/html/edustdy/edustdy/assets/images/event_bg.jpg]
[raistheme.com/html/edustdy/edustdy/assets/images/event-3-1.jpg]
[raistheme.com/html/edustdy/edustdy/assets/images/event-3-2.jpg]
[raistheme.com/html/edustdy/edustdy/assets/images/event-3-3.jpg]
[raistheme.com/html/edustdy/edustdy/index-3.html]
[raistheme.com/html/edustdy/edustdy/assets/images/shape/bg_shape-2.jpg]
[raistheme.com/html/edustdy/edustdy/assets/images/shape/shape-9.png]
[raistheme.com/html/edustdy/edustdy/assets/images/hero.png]
[raistheme.com/html/edustdy/edustdy/assets/images/about-7.jpg]
[raistheme.com/html/edustdy/edustdy/assets/images/p-icon-7.png]
[raistheme.com/html/edustdy/edustdy/assets/images/p-icon-8.png]
[raistheme.com/html/edustdy/edustdy/assets/images/signechar.png]
[raistheme.com/html/edustdy/edustdy/assets/images/skill.jpg]
[raistheme.com/html/edustdy/edustdy/assets/images/shape/shape-7.png]
[raistheme.com/html/edustdy/edustdy/assets/images/choose_bg-2.jpg]
[raistheme.com/html/edustdy/edustdy/assets/images/shape/shape-8.png]
[raistheme.com/html/edustdy/edustdy/assets/images/down.png]
[raistheme.com/html/edustdy/edustdy/index-4.html]
[raistheme.com/html/edustdy/edustdy/about.html]
[raistheme.com/html/edustdy/edustdy/courses.html]
[raistheme.com/html/edustdy/edustdy/assets/images/bookmark.png]
[raistheme.com/html/edustdy/edustdy/assets/images/courses-details.jpg]
[raistheme.com/html/edustdy/edustdy/courses-details.html]
[raistheme.com/html/edustdy/edustdy/assets/images/blog-list-1.jpg]
[raistheme.com/html/edustdy/edustdy/assets/images/blog-list-2.jpg]
[raistheme.com/html/edustdy/edustdy/assets/images/blog-list-3.jpg]
[raistheme.com/html/edustdy/edustdy/blog.html]
[raistheme.com/html/edustdy/edustdy/blog-details.html]
[raistheme.com/html/edustdy/edustdy/contact.html]
[raistheme.com/html/edustdy/edustdy/assets/fonts/fontawesome-webfont3e6e.svg]
[raistheme.com/html/edustdy/edustdy/assets/js/ajax-contact.html]
[raistheme.com/html/edustdy/edustdy/assets/images/shape/shape-12.html]
